4/10/2025, 7:47:12 PM GMT+3 0: 

----------------------------------------------
4/10/2025, 7:47:12 PM GMT+3 1: Discord starting: {"releaseChannel":"stable","version":"0.0.90"}, modulepath: /home/teotoivo/.config/discord/0.0.90/modules
4/10/2025, 7:47:12 PM GMT+3 2: ✅ webContents.created web1 ""
4/10/2025, 7:47:12 PM GMT+3 3: ✅ window.created win1 "discord"
4/10/2025, 7:47:12 PM GMT+3 4: ✅ webContents.did-finish-load web1
4/10/2025, 7:47:22 PM GMT+3 5: ✅ webContents.created web2 ""
4/10/2025, 7:47:23 PM GMT+3 6: ✅ window.created win2 "Discord"
4/10/2025, 7:47:29 PM GMT+3 7: ✅ webContents.did-finish-load web2
4/10/2025, 7:47:29 PM GMT+3 8: window.close win1
4/10/2025, 7:47:29 PM GMT+3 9: webContents.destroyed web1
4/10/2025, 7:47:29 PM GMT+3 10: window.closed win1
4/10/2025, 7:47:55 PM GMT+3 11: window.close win2
4/10/2025, 7:48:04 PM GMT+3 12: before-quit
4/10/2025, 7:48:04 PM GMT+3 13: window.close win2
4/10/2025, 7:48:21 PM GMT+3 0: 

----------------------------------------------
4/10/2025, 7:48:21 PM GMT+3 1: Discord starting: {"releaseChannel":"stable","version":"0.0.90"}, modulepath: /home/teotoivo/.config/discord/0.0.90/modules
4/10/2025, 7:48:21 PM GMT+3 2: ✅ webContents.created web1 ""
4/10/2025, 7:48:21 PM GMT+3 3: ✅ window.created win1 "discord"
4/10/2025, 7:48:21 PM GMT+3 4: ✅ webContents.did-finish-load web1
4/10/2025, 7:48:22 PM GMT+3 5: ✅ webContents.created web2 ""
4/10/2025, 7:48:22 PM GMT+3 6: ✅ window.created win2 "Discord"
4/10/2025, 7:48:24 PM GMT+3 7: ❌ webContents.did-fail-load web2" -3 
4/10/2025, 7:48:24 PM GMT+3 8: ✅ webContents.did-finish-load web2
4/10/2025, 7:48:24 PM GMT+3 9: window.close win1
4/10/2025, 7:48:24 PM GMT+3 10: webContents.destroyed web1
4/10/2025, 7:48:24 PM GMT+3 11: window.closed win1
4/10/2025, 7:48:38 PM GMT+3 12: window.close win2
4/10/2025, 7:50:43 PM GMT+3 0: 

----------------------------------------------
4/10/2025, 7:51:08 PM GMT+3 13: window.close win2
4/10/2025, 10:44:02 PM GMT+3 14: before-quit
4/10/2025, 10:44:02 PM GMT+3 15: window.close win2
